level info: Jul-12-2026 00:58:24 	Category created!
level info: Jul-12-2026 01:06:34 	All category
level info: Jul-12-2026 01:07:39 	All category
level info: Jul-12-2026 01:07:41 	All category
level info: Jul-12-2026 01:17:25 	All category
level info: Jul-12-2026 01:19:50 	All category
level info: Jul-12-2026 01:20:04 	All category
level info: Jul-12-2026 01:20:16 	Category created!
level info: Jul-12-2026 01:20:16 	All category
level info: Jul-12-2026 01:24:51 	All category
level info: Jul-12-2026 01:25:15 	All category
level info: Jul-12-2026 01:26:28 	All category
level info: Jul-12-2026 01:26:52 	Category created!
level info: Jul-12-2026 01:26:52 	All category
level info: Jul-12-2026 01:27:25 	Category created!
level info: Jul-12-2026 01:27:25 	All category
level info: Jul-12-2026 12:16:35 	All category
level info: Jul-12-2026 14:44:17 	All category
level info: Jul-12-2026 14:44:25 	Category deleted
level info: Jul-12-2026 14:44:27 	All category
level info: Jul-12-2026 16:19:37 	All category
level info: Jul-12-2026 16:19:42 	Category created!
level info: Jul-12-2026 16:19:42 	All category
level info: Jul-12-2026 16:21:14 	All category
level info: Jul-12-2026 16:21:27 	All category
level info: Jul-12-2026 16:21:47 	All category
level info: Jul-12-2026 16:58:54 	All category
level info: Jul-12-2026 16:58:55 	All category
level info: Jul-12-2026 16:59:19 	All category
level info: Jul-12-2026 16:59:21 	All category
level info: Jul-12-2026 16:59:28 	All category
level info: Jul-12-2026 16:59:55 	Category deleted
level info: Jul-12-2026 16:59:58 	All category
level info: Jul-12-2026 17:00:01 	Category created!
level info: Jul-12-2026 17:00:01 	All category
level info: Jul-12-2026 17:00:04 	Category deleted
level info: Jul-12-2026 17:00:05 	All category
level info: Jul-12-2026 17:00:10 	Category created!
level info: Jul-12-2026 17:00:10 	All category
level info: Jul-12-2026 17:01:01 	All category
level info: Jul-12-2026 17:02:28 	All category
level info: Jul-12-2026 17:04:37 	All category
level info: Jul-12-2026 17:04:59 	Category created!
level info: Jul-12-2026 17:04:59 	All category
level info: Jul-12-2026 17:05:03 	Category deleted
level info: Jul-12-2026 17:05:04 	All category
level info: Jul-12-2026 19:35:30 	All category
level info: Jul-12-2026 20:03:32 	All category
level info: Jul-12-2026 22:29:54 	All category
level info: Jul-12-2026 22:36:37 	All category
level info: Jul-13-2026 00:08:55 	All category
level info: Jul-13-2026 00:19:45 	All category
level info: Jul-13-2026 00:29:02 	All category
level info: Jul-13-2026 00:29:25 	All category
level info: Jul-13-2026 00:45:37 	All category
level info: Jul-13-2026 00:47:26 	All category
level info: Jul-13-2026 01:00:08 	All category
level info: Jul-13-2026 01:05:03 	All category
level info: Jul-13-2026 01:07:23 	All category
level info: Jul-13-2026 01:10:21 	All category
level info: Jul-13-2026 01:12:24 	All category
level info: Jul-13-2026 11:58:08 	All category
level info: Jul-13-2026 11:58:57 	All category
level info: Jul-13-2026 11:59:48 	All category
level info: Jul-13-2026 12:16:29 	All category
level info: Jul-13-2026 12:16:53 	All category
level info: Jul-13-2026 12:35:01 	All category
level info: Jul-13-2026 12:42:09 	All category
level info: Jul-13-2026 12:42:27 	All category
level info: Jul-13-2026 12:42:30 	All category
level info: Jul-13-2026 12:42:54 	All category
level info: Jul-13-2026 12:44:00 	All category
level info: Jul-13-2026 13:28:44 	All category
level info: Jul-13-2026 13:29:34 	All category
level info: Jul-13-2026 14:21:12 	All category
level info: Jul-13-2026 14:21:17 	All category
level info: Jul-13-2026 14:21:21 	All category
level info: Jul-13-2026 14:22:39 	All category
level info: Jul-13-2026 14:23:57 	All category
level info: Jul-13-2026 14:28:37 	All category
level info: Jul-13-2026 14:28:42 	All category
level info: Jul-13-2026 14:33:02 	All category
level info: Jul-13-2026 14:33:30 	All category
level info: Jul-13-2026 14:34:46 	All category
level info: Jul-13-2026 15:06:37 	All category
level info: Jul-13-2026 15:13:38 	All category
level info: Jul-13-2026 15:24:18 	All category
level info: Jul-14-2026 09:47:15 	All category
level info: Jul-14-2026 09:48:26 	All category
level info: Jul-14-2026 09:48:34 	Category created!
level info: Jul-14-2026 09:48:34 	All category
level info: Jul-14-2026 09:48:41 	All category
level info: Jul-14-2026 09:48:43 	All category
level info: Jul-14-2026 09:49:47 	All category
level info: Jul-14-2026 09:49:55 	Category deleted
level info: Jul-14-2026 09:49:56 	All category
level info: Jul-14-2026 09:53:06 	All category
level info: Jul-14-2026 09:53:28 	All category
level info: Jul-14-2026 09:53:29 	All category
level info: Jul-14-2026 09:54:20 	All category
level info: Jul-14-2026 10:07:59 	All category
level info: Jul-14-2026 10:13:48 	All category
level info: Jul-14-2026 10:14:07 	All category
level info: Jul-14-2026 10:30:08 	All category
level info: Jul-14-2026 10:31:37 	All category
level info: Jul-14-2026 11:20:45 	All category
level info: Jul-14-2026 11:20:49 	All category
level info: Jul-14-2026 11:24:55 	All category
level info: Jul-14-2026 12:57:32 	All category
level info: Jul-14-2026 13:05:25 	All category
level info: Jul-14-2026 13:07:44 	All category
level info: Jul-14-2026 14:24:30 	All category
level info: Jul-14-2026 14:24:33 	All category
level info: Jul-14-2026 14:24:40 	All category
level info: Jul-14-2026 14:24:44 	All category
level info: Jul-14-2026 14:25:18 	All category
level info: Jul-14-2026 18:56:59 	All category
level info: Jul-14-2026 18:57:04 	All category
level info: Jul-14-2026 18:57:11 	All category
level info: Jul-14-2026 18:57:36 	All category
level info: Jul-14-2026 18:57:40 	All category
level info: Jul-14-2026 18:57:47 	All category
level info: Jul-14-2026 18:57:53 	Category created!
level info: Jul-14-2026 18:57:53 	All category
level info: Jul-14-2026 18:57:58 	All category
level info: Jul-14-2026 18:58:02 	All category
level info: Jul-14-2026 18:58:30 	All category
level error: Jul-14-2026 18:58:38 	Error: Failed query: delete from "categories" where "categories"."id" = $1 returning "id", "category_name", "is_active", "created_at", "updated_at"
params: 99aa2a68-c2ad-473a-8a15-5da3aa9e46a5
level info: Jul-14-2026 18:58:50 	All category
level info: Jul-14-2026 18:59:27 	All category
level error: Jul-14-2026 18:59:38 	Error: Failed query: delete from "categories" where "categories"."id" = $1 returning "id", "category_name", "is_active", "created_at", "updated_at"
params: f8814aef-e193-4bf6-ad95-a703dbee053c
level info: Jul-14-2026 18:59:49 	All category
level error: Jul-14-2026 18:59:53 	Error: Failed query: delete from "categories" where "categories"."id" = $1 returning "id", "category_name", "is_active", "created_at", "updated_at"
params: f8814aef-e193-4bf6-ad95-a703dbee053c
level error: Jul-14-2026 19:02:05 	Error: Failed query: delete from "categories" where "categories"."id" = $1 returning "id", "category_name", "is_active", "created_at", "updated_at"
params: f8814aef-e193-4bf6-ad95-a703dbee053c
level info: Jul-14-2026 19:03:55 	All category
level error: Jul-14-2026 19:03:59 	Error: Failed query: delete from "categories" where "categories"."id" = $1 returning "id", "category_name", "is_active", "created_at", "updated_at"
params: f8814aef-e193-4bf6-ad95-a703dbee053c
level info: Jul-14-2026 19:11:17 	All category
level info: Jul-14-2026 19:11:20 	All category
level info: Jul-14-2026 19:11:24 	All category
level info: Jul-14-2026 19:11:27 	All category
level info: Jul-14-2026 19:11:31 	All category
level info: Jul-14-2026 19:11:42 	All category
level info: Jul-14-2026 19:11:59 	All category
level info: Jul-14-2026 22:21:37 	All category
level info: Jul-14-2026 22:21:41 	All category
level info: Jul-14-2026 22:47:14 	All category
level info: Jul-14-2026 22:52:31 	All category
level info: Jul-14-2026 22:54:20 	All category
level info: Jul-14-2026 22:54:25 	All category
level info: Jul-14-2026 22:54:29 	All category
level info: Jul-14-2026 23:20:22 	All category
level info: Jul-14-2026 23:23:13 	All category
level info: Jul-14-2026 23:23:17 	All category
level info: Jul-14-2026 23:23:28 	All category
level info: Jul-14-2026 23:23:34 	All category
level info: Jul-14-2026 23:27:43 	All category
level info: Jul-14-2026 23:27:48 	All category
level info: Jul-15-2026 10:55:41 	All category
level info: Jul-15-2026 10:55:46 	All category
level info: Jul-15-2026 10:56:14 	All category
level info: Jul-15-2026 10:56:39 	All category
level info: Jul-15-2026 10:56:42 	All category
level info: Jul-15-2026 10:56:46 	All category
level info: Jul-15-2026 11:03:49 	All category
level info: Jul-15-2026 11:03:52 	All category
level info: Jul-15-2026 11:03:54 	All category
level info: Jul-15-2026 11:17:17 	All category
level info: Jul-15-2026 11:17:19 	All category
level info: Jul-15-2026 11:17:24 	All category
level info: Jul-15-2026 11:17:27 	All category
level info: Jul-15-2026 11:17:32 	All category
level info: Jul-15-2026 12:08:13 	All category
level info: Jul-15-2026 12:09:18 	All category
level info: Jul-15-2026 12:14:05 	All category
level info: Jul-15-2026 12:14:44 	All category
level info: Jul-15-2026 12:24:45 	All category
level info: Jul-15-2026 14:05:50 	All category
level info: Jul-15-2026 14:23:54 	All category
level info: Jul-15-2026 14:23:58 	All category
level info: Jul-15-2026 14:24:03 	All category
level info: Jul-15-2026 14:24:06 	All category
level info: Jul-15-2026 14:36:24 	All category
level info: Jul-15-2026 14:43:20 	All category
level info: Jul-15-2026 14:47:26 	All category
level info: Jul-15-2026 15:13:13 	All category
level info: Jul-15-2026 16:00:28 	All category
level info: Jul-15-2026 18:04:40 	All category
level info: Jul-15-2026 18:14:11 	All category
level info: Jul-15-2026 18:14:20 	All category
level info: Jul-15-2026 18:14:24 	All category
level info: Jul-15-2026 18:29:23 	All category
level info: Jul-15-2026 18:29:39 	All category
level info: Jul-15-2026 18:30:39 	All category
level info: Jul-15-2026 18:31:12 	All category
level info: Jul-16-2026 11:54:04 	All category
level info: Jul-16-2026 11:54:25 	All category
level info: Jul-16-2026 11:54:40 	All category
level info: Jul-16-2026 11:56:06 	All category
level info: Jul-16-2026 11:57:31 	All category
level info: Jul-16-2026 12:04:35 	All category
level info: Jul-16-2026 12:06:02 	All category
level info: Jul-16-2026 12:06:21 	All category
level info: Jul-16-2026 12:06:25 	All category
level info: Jul-16-2026 12:06:31 	All category
level info: Jul-16-2026 12:06:33 	All category
level info: Jul-16-2026 12:06:53 	All category
level info: Jul-16-2026 12:06:55 	All category
level info: Jul-16-2026 12:13:56 	All category
level info: Jul-16-2026 12:13:58 	All category
level info: Jul-16-2026 12:14:02 	All category
level info: Jul-16-2026 13:31:20 	All category
level info: Jul-16-2026 13:31:24 	All category
level info: Jul-16-2026 13:35:18 	All category
level info: Jul-16-2026 14:18:11 	All category
level info: Jul-16-2026 14:18:40 	All category
level info: Jul-16-2026 14:19:28 	All category
level info: Jul-16-2026 14:19:44 	All category
level info: Jul-16-2026 14:32:58 	All category
level info: Jul-16-2026 14:33:00 	All category
level info: Jul-16-2026 14:33:01 	All category
level info: Jul-16-2026 14:33:56 	All category
level info: Jul-16-2026 14:38:44 	All category
level info: Jul-16-2026 14:51:31 	All category
level info: Jul-16-2026 14:57:06 	All category
level info: Jul-16-2026 16:12:12 	All category
level info: Jul-16-2026 16:12:15 	All category
level info: Jul-16-2026 16:13:18 	All category
level info: Jul-16-2026 16:17:54 	All category
level info: Jul-16-2026 16:19:32 	All category
level info: Jul-16-2026 16:30:21 	All category
level info: Jul-16-2026 16:30:24 	All category
level info: Jul-16-2026 16:31:33 	All category
level info: Jul-16-2026 17:04:20 	All category
level info: Jul-16-2026 17:40:09 	All category
level info: Jul-16-2026 18:12:52 	All category
level info: Jul-16-2026 18:22:29 	All category
level info: Jul-16-2026 18:54:09 	All category
level info: Jul-16-2026 18:54:10 	All category
level info: Jul-16-2026 18:54:40 	All category
level info: Jul-16-2026 18:54:54 	All category
level info: Jul-16-2026 18:55:52 	All category
level info: Jul-16-2026 18:56:02 	All category
level info: Jul-16-2026 18:56:25 	All category
level info: Jul-16-2026 19:06:40 	All category
level info: Jul-16-2026 19:10:00 	All category
level info: Jul-16-2026 19:20:42 	All category
level info: Jul-16-2026 19:21:15 	All category
level info: Jul-16-2026 19:28:28 	All category
level info: Jul-16-2026 19:37:45 	All category
level info: Jul-16-2026 19:37:51 	All category
level info: Jul-16-2026 19:37:55 	All category
level info: Jul-16-2026 19:37:59 	All category
level info: Jul-17-2026 09:09:12 	All category
level info: Jul-17-2026 09:09:15 	All category
level info: Jul-17-2026 09:10:57 	All category
level info: Jul-17-2026 09:11:04 	All category
level info: Jul-17-2026 09:12:40 	All category
level info: Jul-17-2026 09:17:36 	All category
level info: Jul-17-2026 09:18:05 	All category
level info: Jul-17-2026 09:18:25 	All category
level info: Jul-17-2026 09:18:28 	All category
level info: Jul-17-2026 09:18:40 	All category
level info: Jul-17-2026 09:18:51 	All category
level info: Jul-17-2026 09:18:54 	All category
level info: Jul-17-2026 09:19:16 	All category
level info: Jul-17-2026 09:21:31 	All category
level info: Jul-17-2026 09:21:34 	All category
level info: Jul-17-2026 09:23:51 	All category
level info: Jul-17-2026 09:24:34 	All category
level info: Jul-17-2026 09:24:42 	All category
level info: Jul-17-2026 09:25:00 	All category
level info: Jul-17-2026 09:25:07 	All category
level info: Jul-17-2026 09:31:41 	All category
level info: Jul-17-2026 09:32:08 	All category
level info: Jul-17-2026 09:44:59 	All category
level info: Jul-17-2026 09:45:05 	All category
level info: Jul-17-2026 09:47:31 	All category
level info: Jul-17-2026 09:49:38 	All category
level info: Jul-17-2026 09:59:03 	All category
level info: Jul-17-2026 10:00:27 	All category
level info: Jul-17-2026 10:00:48 	All category
level info: Jul-17-2026 10:01:28 	All category
level info: Jul-17-2026 10:02:03 	All category
level info: Jul-17-2026 10:08:57 	All category
level info: Jul-17-2026 10:09:05 	All category
level info: Jul-17-2026 12:52:37 	All category
level info: Jul-17-2026 12:52:42 	All category
level info: Jul-17-2026 12:52:53 	All category
level info: Jul-17-2026 12:52:56 	All category
level info: Jul-17-2026 12:54:17 	All category
level info: Jul-17-2026 12:54:22 	All category
level info: Jul-17-2026 12:54:24 	All category
level info: Jul-17-2026 12:54:30 	All category
level info: Jul-17-2026 12:54:33 	All category
level info: Jul-17-2026 12:56:24 	All category
level info: Jul-17-2026 12:56:27 	All category
level info: Jul-17-2026 12:56:58 	All category
level info: Jul-17-2026 12:58:22 	All category
level info: Jul-17-2026 12:59:02 	All category
level info: Jul-17-2026 12:59:11 	All category
level info: Jul-17-2026 12:59:18 	All category
level info: Jul-17-2026 12:59:23 	All category
level info: Jul-17-2026 12:59:59 	All category
level info: Jul-17-2026 13:00:26 	All category
level info: Jul-17-2026 13:00:32 	All category
level info: Jul-17-2026 13:00:44 	All category
level info: Jul-17-2026 13:01:44 	All category
level info: Jul-17-2026 13:02:25 	All category
level info: Jul-17-2026 13:04:10 	All category
level info: Jul-17-2026 13:04:42 	All category
level info: Jul-17-2026 13:08:10 	All category
level info: Jul-17-2026 13:08:16 	All category
level info: Jul-17-2026 13:08:50 	All category
level info: Jul-17-2026 13:08:56 	All category
level info: Jul-17-2026 13:09:12 	All category
level info: Jul-17-2026 13:09:41 	All category
level info: Jul-17-2026 13:11:12 	All category
level info: Jul-17-2026 13:12:04 	All category
level info: Jul-17-2026 13:12:14 	All category
level info: Jul-17-2026 13:12:22 	All category
level info: Jul-17-2026 13:12:37 	All category
level info: Jul-17-2026 13:12:59 	All category
level info: Jul-17-2026 13:13:26 	All category
level info: Jul-17-2026 13:13:35 	All category
level info: Jul-17-2026 13:13:43 	All category
level info: Jul-17-2026 13:13:46 	All category
level info: Jul-17-2026 13:20:35 	All category
level info: Jul-17-2026 13:20:37 	All category
level info: Jul-17-2026 13:26:24 	All category
level info: Jul-17-2026 13:26:27 	All category
level info: Jul-17-2026 13:26:37 	All category
level info: Jul-17-2026 13:26:39 	All category
level info: Jul-17-2026 13:26:48 	All category
level info: Jul-17-2026 13:30:51 	All category
level info: Jul-17-2026 14:40:13 	All category
level info: Jul-17-2026 14:40:15 	All category
level info: Jul-17-2026 14:40:18 	All category
level info: Jul-17-2026 14:40:40 	All category
level info: Jul-17-2026 14:47:16 	All category
level info: Jul-17-2026 14:48:17 	All category
level info: Jul-17-2026 14:48:20 	All category
level info: Jul-17-2026 14:48:27 	Category created!
level info: Jul-17-2026 14:48:27 	All category
level info: Jul-17-2026 14:48:31 	All category
level info: Jul-17-2026 14:49:41 	All category
level info: Jul-17-2026 14:50:57 	All category
level info: Jul-17-2026 15:08:37 	All category
level info: Jul-17-2026 15:08:59 	All category
level info: Jul-17-2026 15:09:04 	All category
level info: Jul-17-2026 15:09:06 	All category
level info: Jul-17-2026 15:09:10 	All category
level info: Jul-17-2026 15:20:49 	All category
level info: Jul-17-2026 15:20:52 	All category
level info: Jul-17-2026 20:15:36 	All category
level info: Jul-17-2026 20:15:39 	All category
level info: Jul-17-2026 20:15:41 	All category
level info: Jul-17-2026 20:15:43 	All category
level info: Jul-17-2026 20:15:45 	All category
level info: Jul-20-2026 14:22:11 	All category
level info: Jul-20-2026 14:22:14 	Category deleted
level info: Jul-20-2026 14:22:15 	All category
level error: Jul-20-2026 14:22:17 	Error: Failed query: delete from "categories" where "categories"."id" = $1 returning "id", "category_name", "is_active", "created_at", "updated_at"
params: f8814aef-e193-4bf6-ad95-a703dbee053c
level error: Jul-20-2026 14:22:20 	Error: Failed query: delete from "categories" where "categories"."id" = $1 returning "id", "category_name", "is_active", "created_at", "updated_at"
params: f8814aef-e193-4bf6-ad95-a703dbee053c
level error: Jul-20-2026 14:22:25 	Error: Failed query: delete from "categories" where "categories"."id" = $1 returning "id", "category_name", "is_active", "created_at", "updated_at"
params: f8814aef-e193-4bf6-ad95-a703dbee053c
level info: Jul-20-2026 14:22:35 	All category
level error: Jul-20-2026 14:22:40 	Error: Failed query: delete from "categories" where "categories"."id" = $1 returning "id", "category_name", "is_active", "created_at", "updated_at"
params: f8814aef-e193-4bf6-ad95-a703dbee053c
level error: Jul-20-2026 14:25:32 	Error: Failed query: delete from "categories" where "categories"."id" = $1 returning "id", "category_name", "is_active", "created_at", "updated_at"
params: f8814aef-e193-4bf6-ad95-a703dbee053c
level info: Jul-20-2026 14:30:38 	All category
level info: Jul-20-2026 14:30:42 	All category
level error: Jul-20-2026 14:30:45 	Error: Failed query: delete from "categories" where "categories"."id" = $1 returning "id", "category_name", "is_active", "created_at", "updated_at"
params: f8814aef-e193-4bf6-ad95-a703dbee053c
level error: Jul-20-2026 14:30:54 	Error: Failed query: delete from "categories" where "categories"."id" = $1 returning "id", "category_name", "is_active", "created_at", "updated_at"
params: 99aa2a68-c2ad-473a-8a15-5da3aa9e46a5
level info: Jul-20-2026 14:32:33 	All category
level info: Jul-20-2026 14:32:39 	All category
level error: Jul-20-2026 14:32:42 	Error: Failed query: delete from "categories" where "categories"."id" = $1 returning "id", "category_name", "is_active", "created_at", "updated_at"
params: f8814aef-e193-4bf6-ad95-a703dbee053c
level info: Jul-20-2026 14:33:59 	All category
level error: Jul-20-2026 14:34:04 	Error: Failed query: delete from "categories" where "categories"."id" = $1 returning "id", "category_name", "is_active", "created_at", "updated_at"
params: 99aa2a68-c2ad-473a-8a15-5da3aa9e46a5
level info: Jul-20-2026 14:34:16 	All category
level info: Jul-20-2026 14:35:08 	All category
level error: Jul-20-2026 14:35:16 	Error: Failed query: delete from "categories" where "categories"."id" = $1 returning "id", "category_name", "is_active", "created_at", "updated_at"
params: f8814aef-e193-4bf6-ad95-a703dbee053c
level error: Jul-20-2026 14:35:19 	Error: Failed query: delete from "categories" where "categories"."id" = $1 returning "id", "category_name", "is_active", "created_at", "updated_at"
params: f8814aef-e193-4bf6-ad95-a703dbee053c
level info: Jul-20-2026 14:35:23 	Category deleted
level info: Jul-20-2026 14:35:29 	All category
level error: Jul-20-2026 14:35:39 	Error: Failed query: delete from "categories" where "categories"."id" = $1 returning "id", "category_name", "is_active", "created_at", "updated_at"
params: 99aa2a68-c2ad-473a-8a15-5da3aa9e46a5
level info: Jul-20-2026 14:38:51 	All category
level info: Jul-20-2026 14:39:09 	All category
level error: Jul-20-2026 14:39:11 	Error: Failed query: delete from "categories" where "categories"."id" = $1 returning "id", "category_name", "is_active", "created_at", "updated_at"
params: 99aa2a68-c2ad-473a-8a15-5da3aa9e46a5
level error: Jul-20-2026 14:39:37 	Error: Failed query: delete from "categories" where "categories"."id" = $1 returning "id", "category_name", "is_active", "created_at", "updated_at"
params: 99aa2a68-c2ad-473a-8a15-5da3aa9e46a5
level info: Jul-20-2026 14:39:42 	Category deleted
level info: Jul-20-2026 14:39:43 	All category
level error: Jul-20-2026 14:56:08 	Error: Failed query: delete from "categories" where "categories"."id" = $1 returning "id", "category_name", "is_active", "created_at", "updated_at"
params: 99aa2a68-c2ad-473a-8a15-5da3aa9e46a5
level info: Jul-20-2026 14:56:12 	All category
level info: Jul-20-2026 14:56:22 	All category
level info: Jul-20-2026 14:56:24 	Category deleted
level info: Jul-20-2026 14:56:25 	All category
level info: Jul-20-2026 14:56:53 	Category created!
level info: Jul-20-2026 14:56:53 	All category
level info: Jul-20-2026 14:57:11 	Category created!
level info: Jul-20-2026 14:57:11 	All category
level info: Jul-20-2026 14:57:25 	Category created!
level info: Jul-20-2026 14:57:25 	All category
level info: Jul-20-2026 14:57:32 	Category created!
level info: Jul-20-2026 14:57:32 	All category
level info: Jul-20-2026 14:57:42 	Category created!
level info: Jul-20-2026 14:57:42 	All category
level info: Jul-20-2026 14:57:50 	Category created!
level info: Jul-20-2026 14:57:50 	All category
level info: Jul-20-2026 14:58:34 	Category created!
level info: Jul-20-2026 14:58:34 	All category
level info: Jul-20-2026 14:58:44 	All category
level info: Jul-20-2026 14:58:49 	All category
level info: Jul-20-2026 15:01:16 	All category
level info: Jul-20-2026 15:09:46 	All category
level info: Jul-20-2026 15:10:09 	All category
level info: Jul-20-2026 15:15:02 	All category
level info: Jul-20-2026 15:15:23 	All category
level info: Jul-20-2026 15:15:31 	All category
level info: Jul-20-2026 15:17:19 	All category
level info: Jul-20-2026 15:22:51 	All category
level info: Jul-20-2026 15:26:03 	All category
level info: Jul-20-2026 15:52:39 	All category
level info: Jul-20-2026 15:53:39 	All category
level info: Jul-20-2026 15:54:14 	All category
level info: Jul-20-2026 22:52:26 	All category
level info: Jul-20-2026 22:52:28 	All category
level info: Jul-20-2026 22:57:55 	All category
level info: Jul-20-2026 22:59:42 	All category
level info: Jul-20-2026 22:59:44 	All category
level info: Jul-20-2026 23:00:58 	All category
level info: Jul-20-2026 23:01:01 	All category
level info: Jul-20-2026 23:26:37 	All category
level info: Jul-21-2026 00:02:00 	All category
level info: Jul-21-2026 00:32:11 	All category
level info: Jul-21-2026 00:33:04 	All category
level info: Jul-21-2026 00:47:24 	All category
level info: Jul-21-2026 00:47:31 	All category
level info: Jul-21-2026 00:53:42 	All category
level info: Jul-21-2026 00:54:06 	All category
level info: Jul-21-2026 00:55:04 	All category
level info: Jul-21-2026 00:55:31 	All category
level info: Jul-21-2026 00:55:33 	All category
level info: Jul-21-2026 00:55:33 	All category
level info: Jul-21-2026 00:56:05 	All category
level info: Jul-21-2026 00:56:07 	All category
level info: Jul-21-2026 09:28:09 	All category
level info: Jul-21-2026 09:28:11 	All category
level info: Jul-21-2026 09:28:12 	All category
level info: Jul-21-2026 09:28:13 	All category
level info: Jul-21-2026 09:28:13 	All category
level info: Jul-21-2026 09:28:29 	All category
level info: Jul-21-2026 09:28:43 	All category
level info: Jul-21-2026 09:28:48 	All category
level info: Jul-21-2026 09:28:56 	All category
level info: Jul-21-2026 09:29:18 	All category
level info: Jul-21-2026 10:01:00 	All category
level info: Jul-21-2026 10:01:11 	All category
level info: Jul-21-2026 10:29:53 	All category
level info: Jul-21-2026 12:24:48 	All category
level info: Jul-21-2026 12:25:01 	All category
level info: Jul-21-2026 12:27:26 	All category
level info: Jul-21-2026 12:27:45 	Category created!
level info: Jul-21-2026 12:27:45 	All category
level info: Jul-21-2026 12:28:05 	Category created!
level info: Jul-21-2026 12:28:05 	All category
level info: Jul-21-2026 12:28:14 	Category created!
level info: Jul-21-2026 12:28:14 	All category
level info: Jul-21-2026 12:28:26 	Category created!
level info: Jul-21-2026 12:28:26 	All category
level info: Jul-21-2026 12:28:36 	Category created!
level info: Jul-21-2026 12:28:36 	All category
level info: Jul-21-2026 12:28:49 	Category created!
level info: Jul-21-2026 12:28:49 	All category
level info: Jul-21-2026 12:29:10 	Category created!
level info: Jul-21-2026 12:29:10 	All category
level info: Jul-21-2026 12:29:22 	Category created!
level info: Jul-21-2026 12:29:22 	All category
level info: Jul-21-2026 12:29:31 	All category
level info: Jul-21-2026 12:30:15 	All category
level info: Jul-21-2026 12:30:23 	Category created!
level info: Jul-21-2026 12:30:23 	All category
level info: Jul-21-2026 12:30:28 	All category
level info: Jul-21-2026 12:37:42 	All category
level info: Jul-21-2026 12:37:44 	All category
level info: Jul-21-2026 12:38:15 	All category
level info: Jul-21-2026 12:41:36 	All category
level info: Jul-21-2026 12:50:52 	All category
level info: Jul-21-2026 14:41:43 	All category
level info: Jul-21-2026 14:41:45 	All category
level info: Jul-21-2026 14:42:39 	All category
level info: Jul-21-2026 14:42:42 	All category
level info: Jul-21-2026 15:02:15 	All category
level info: Jul-21-2026 15:10:05 	All category
level info: Jul-21-2026 15:25:01 	All category
level info: Jul-21-2026 18:12:04 	All category
level info: Jul-21-2026 18:12:08 	All category
level info: Jul-21-2026 19:12:00 	All category
level info: Jul-21-2026 19:12:06 	All category
level info: Jul-21-2026 19:15:17 	All category
level info: Jul-21-2026 19:19:35 	All category
level info: Jul-21-2026 19:21:20 	All category
level info: Jul-21-2026 19:22:53 	All category
level info: Jul-21-2026 19:25:59 	All category
level info: Jul-21-2026 19:26:14 	All category
level info: Jul-21-2026 19:29:30 	All category
level info: Jul-22-2026 07:07:32 	All category
level info: Jul-22-2026 07:08:16 	All category
level info: Jul-22-2026 07:08:35 	All category
level info: Jul-22-2026 07:12:42 	All category
level info: Jul-22-2026 07:12:48 	All category
level info: Jul-22-2026 07:15:43 	All category
level info: Jul-22-2026 07:15:50 	All category
level info: Jul-22-2026 07:15:54 	All category
level info: Jul-22-2026 07:17:10 	All category
level info: Jul-22-2026 07:23:42 	All category
level info: Jul-22-2026 07:23:50 	All category
level info: Jul-22-2026 07:24:33 	All category
level info: Jul-22-2026 07:25:25 	All category
level info: Jul-22-2026 07:26:37 	All category
level info: Jul-22-2026 07:28:59 	All category
level info: Jul-22-2026 07:41:35 	All category
level info: Jul-22-2026 07:43:18 	All category
level info: Jul-22-2026 07:43:21 	All category
level info: Jul-22-2026 07:43:32 	All category
level info: Jul-22-2026 07:44:46 	All category
level info: Jul-22-2026 07:45:44 	All category
level info: Jul-22-2026 07:45:45 	All category
level info: Jul-22-2026 07:49:52 	All category
level info: Jul-22-2026 07:56:38 	All category
level info: Jul-22-2026 07:59:53 	All category
level info: Jul-22-2026 15:12:44 	All category
level info: Jul-22-2026 15:12:48 	All category
level info: Jul-22-2026 15:16:48 	All category
level info: Jul-22-2026 15:17:08 	All category
level info: Jul-22-2026 15:17:11 	All category
level info: Jul-22-2026 15:25:32 	All category
level info: Jul-22-2026 15:27:00 	All category
level info: Jul-22-2026 15:31:27 	All category
level info: Jul-22-2026 15:36:48 	All category
level info: Jul-22-2026 15:37:08 	All category
level info: Jul-22-2026 15:38:45 	All category
level info: Jul-22-2026 15:40:48 	All category
level info: Jul-22-2026 15:41:56 	All category
level info: Jul-22-2026 15:47:36 	All category
level info: Jul-22-2026 15:47:48 	All category
level info: Jul-22-2026 15:47:54 	All category
level info: Jul-22-2026 15:52:31 	All category
level info: Jul-22-2026 15:56:27 	All category
level info: Jul-22-2026 16:04:05 	All category
level info: Jul-22-2026 16:05:22 	All category
level info: Jul-22-2026 16:12:06 	All category
level info: Jul-22-2026 16:12:38 	All category
level info: Jul-22-2026 16:12:40 	All category
level info: Jul-22-2026 16:12:41 	All category
level info: Jul-22-2026 16:12:44 	All category
level info: Jul-22-2026 16:12:51 	All category
level info: Jul-22-2026 16:13:59 	All category
level info: Jul-22-2026 16:14:03 	All category
level info: Jul-22-2026 16:14:04 	All category
level info: Jul-22-2026 16:15:33 	All category
level info: Jul-22-2026 16:15:35 	All category
level info: Jul-22-2026 16:16:13 	All category
level info: Jul-22-2026 16:19:22 	All category
level info: Jul-22-2026 16:19:34 	All category
level info: Jul-22-2026 16:19:52 	All category
level info: Jul-22-2026 17:24:08 	All category
level info: Jul-22-2026 17:24:59 	All category
level info: Jul-22-2026 17:26:27 	All category
level info: Jul-22-2026 17:26:28 	All category
level info: Jul-22-2026 17:27:30 	All category
level info: Jul-22-2026 17:27:40 	All category
level info: Jul-22-2026 17:28:09 	All category
level info: Jul-22-2026 17:28:32 	All category
level info: Jul-22-2026 17:28:33 	All category
level info: Jul-22-2026 17:34:51 	All category
level info: Jul-22-2026 17:35:53 	All category
level info: Jul-22-2026 17:37:29 	All category
level info: Jul-22-2026 17:37:42 	All category
level info: Jul-22-2026 17:40:28 	All category
level info: Jul-22-2026 17:40:31 	All category
level info: Jul-22-2026 17:40:50 	All category
level info: Jul-22-2026 17:46:43 	All category
level info: Jul-22-2026 17:46:45 	All category
level info: Jul-22-2026 17:46:55 	All category
level info: Jul-22-2026 17:48:01 	All category
level info: Jul-22-2026 17:48:05 	All category
level info: Jul-22-2026 17:48:31 	All category
level info: Jul-22-2026 17:50:27 	All category
level info: Jul-22-2026 17:50:31 	All category
level info: Jul-22-2026 18:07:31 	All category
level info: Jul-22-2026 18:07:34 	All category
level info: Jul-22-2026 18:08:42 	All category
level info: Jul-22-2026 18:08:45 	All category
level info: Jul-22-2026 18:09:26 	All category
level info: Jul-22-2026 18:09:33 	All category
level info: Jul-22-2026 18:10:56 	All category
level info: Jul-22-2026 18:12:46 	All category
level info: Jul-22-2026 18:12:50 	All category
level info: Jul-22-2026 18:13:41 	All category
level info: Jul-22-2026 18:14:49 	All category
level info: Jul-22-2026 18:14:57 	All category
level info: Jul-22-2026 18:14:59 	All category
level info: Jul-22-2026 18:42:32 	All category
level info: Jul-22-2026 18:42:33 	All category
level info: Jul-22-2026 18:50:57 	All category
level info: Jul-22-2026 19:05:46 	All category
level info: Jul-22-2026 19:05:48 	All category
level info: Jul-22-2026 19:05:51 	All category
level info: Jul-22-2026 19:08:42 	All category
level info: Jul-22-2026 19:08:44 	All category
level info: Jul-22-2026 19:08:45 	All category
level info: Jul-22-2026 19:09:05 	All category
level info: Jul-22-2026 23:12:41 	All category
level info: Jul-22-2026 23:12:42 	All category
level info: Jul-22-2026 23:13:05 	All category
level info: Jul-22-2026 23:13:20 	All category
level info: Jul-23-2026 07:48:51 	All category
level info: Jul-23-2026 07:48:53 	All category
level info: Jul-23-2026 07:48:55 	All category
level info: Jul-23-2026 07:50:44 	All category
level info: Jul-23-2026 08:29:14 	All category
level info: Jul-23-2026 08:29:16 	All category
level info: Jul-23-2026 08:33:15 	All category
level info: Jul-23-2026 08:33:17 	All category
level info: Jul-23-2026 08:34:21 	All category
level info: Jul-23-2026 08:35:08 	All category
level info: Jul-23-2026 08:41:09 	All category
level info: Jul-23-2026 08:47:02 	All category
level info: Jul-23-2026 09:07:33 	All category
level info: Jul-23-2026 09:07:34 	All category
level info: Jul-23-2026 09:07:36 	All category
level info: Jul-23-2026 09:07:37 	All category
level info: Jul-23-2026 09:07:39 	All category
level info: Jul-23-2026 09:08:55 	All category
level info: Jul-23-2026 09:10:58 	All category
level info: Jul-23-2026 09:15:40 	All category
level info: Jul-23-2026 09:16:05 	All category
level info: Jul-23-2026 09:16:09 	All category
level info: Jul-23-2026 09:19:05 	All category
level info: Jul-23-2026 09:19:07 	All category
level info: Jul-23-2026 09:31:43 	All category
level info: Jul-23-2026 09:31:44 	All category
level info: Jul-23-2026 09:31:48 	All category
level info: Jul-23-2026 09:32:08 	All category
level info: Jul-23-2026 09:32:09 	All category
level info: Jul-23-2026 09:32:29 	All category
level info: Jul-23-2026 09:39:54 	All category
level info: Jul-23-2026 09:39:55 	All category
level info: Jul-23-2026 09:40:12 	All category
level info: Jul-23-2026 09:40:13 	All category
level info: Jul-23-2026 14:25:53 	All category
level info: Jul-23-2026 14:25:56 	All category
level info: Jul-23-2026 14:25:58 	All category
level info: Jul-23-2026 14:25:59 	All category
level info: Jul-23-2026 14:26:02 	All category
level info: Jul-23-2026 14:26:03 	All category
level info: Jul-23-2026 14:26:05 	All category
level info: Jul-23-2026 14:31:32 	All category
level info: Jul-23-2026 14:31:33 	All category
level info: Jul-23-2026 14:34:59 	All category
level info: Jul-23-2026 14:34:59 	All category
level info: Jul-23-2026 14:42:51 	All category
level info: Jul-23-2026 14:42:58 	All category
level info: Jul-23-2026 14:42:59 	All category
level info: Jul-23-2026 14:46:21 	All category
level info: Jul-23-2026 14:46:24 	All category
level info: Jul-23-2026 14:46:30 	All category
level info: Jul-23-2026 14:46:32 	All category
level info: Jul-23-2026 14:46:36 	All category
level info: Jul-23-2026 14:47:42 	All category
level info: Jul-23-2026 14:49:53 	All category
level info: Jul-23-2026 14:50:58 	All category
level info: Jul-23-2026 14:51:18 	All category
level info: Jul-23-2026 14:51:22 	All category
level info: Jul-23-2026 14:51:44 	All category
level info: Jul-23-2026 14:54:30 	All category
level info: Jul-23-2026 14:54:30 	All category
level info: Jul-23-2026 15:00:49 	All category
level info: Jul-23-2026 15:00:51 	All category
level info: Jul-23-2026 15:01:03 	All category
level info: Jul-23-2026 15:01:05 	All category
level info: Jul-23-2026 15:01:07 	All category
level info: Jul-23-2026 15:11:39 	All category
level info: Jul-23-2026 15:33:19 	All category
level info: Jul-23-2026 15:33:48 	All category
level info: Jul-23-2026 15:34:16 	All category
level info: Jul-23-2026 15:35:27 	All category
level info: Jul-23-2026 15:35:29 	All category
level info: Jul-23-2026 15:37:06 	All category
level info: Jul-23-2026 15:37:07 	All category
level info: Jul-23-2026 15:37:11 	All category
level info: Jul-23-2026 15:37:13 	All category
level info: Jul-23-2026 15:38:02 	All category
level info: Jul-23-2026 15:48:36 	All category
level info: Jul-23-2026 15:48:50 	All category
level info: Jul-23-2026 15:49:45 	All category
level info: Jul-23-2026 15:50:15 	All category
level info: Jul-23-2026 15:50:26 	All category
level info: Jul-23-2026 17:49:53 	All category
level info: Jul-23-2026 17:49:54 	All category
level info: Jul-23-2026 18:02:08 	All category
level info: Jul-23-2026 18:09:42 	All category
level info: Jul-23-2026 18:09:44 	All category
level info: Jul-23-2026 18:09:46 	All category
level info: Jul-23-2026 18:09:49 	All category
level info: Jul-23-2026 18:09:59 	All category
level info: Jul-23-2026 18:10:43 	All category
level info: Jul-23-2026 18:12:55 	All category
level info: Jul-23-2026 18:12:57 	All category
level info: Jul-23-2026 18:12:58 	All category
level info: Jul-23-2026 18:12:59 	All category
level info: Jul-23-2026 18:13:01 	All category
level info: Jul-23-2026 18:13:05 	All category
level info: Jul-23-2026 18:13:08 	All category
level info: Jul-23-2026 18:13:30 	All category
level info: Jul-23-2026 18:13:31 	All category
level info: Jul-23-2026 18:13:32 	All category
level info: Jul-23-2026 18:13:39 	All category
level info: Jul-23-2026 18:13:40 	All category
level info: Jul-23-2026 18:14:14 	All category
level info: Jul-23-2026 18:14:15 	All category
level info: Jul-23-2026 18:14:17 	All category
level info: Jul-23-2026 18:24:56 	All category
level info: Jul-23-2026 18:24:56 	All category
level info: Jul-23-2026 18:25:00 	All category
level info: Jul-23-2026 18:25:02 	All category
level info: Jul-23-2026 18:25:23 	All category
level info: Jul-23-2026 18:25:29 	All category
level info: Jul-23-2026 18:26:08 	All category
level info: Jul-23-2026 18:28:45 	All category
level info: Jul-23-2026 18:28:52 	All category
level info: Jul-23-2026 18:35:00 	All category
level info: Jul-23-2026 18:35:01 	All category
level info: Jul-23-2026 18:35:02 	All category
level info: Jul-23-2026 18:35:04 	All category
level info: Jul-23-2026 18:36:48 	All category
level info: Jul-23-2026 18:36:49 	All category
level info: Jul-23-2026 18:36:50 	All category
level info: Jul-23-2026 18:36:52 	All category
level info: Jul-23-2026 18:37:05 	All category
level info: Jul-23-2026 18:39:12 	All category
level info: Jul-23-2026 18:39:16 	All category
level info: Jul-23-2026 18:43:28 	All category
level info: Jul-23-2026 18:43:31 	All category
level info: Jul-23-2026 18:47:25 	All category
level info: Jul-23-2026 18:47:31 	All category
level info: Jul-23-2026 18:47:57 	All category
level info: Jul-23-2026 18:48:28 	All category
level info: Jul-23-2026 18:51:55 	All category
level info: Jul-23-2026 18:52:30 	All category
level info: Jul-23-2026 18:53:20 	All category
level info: Jul-23-2026 18:53:26 	All category
level info: Jul-23-2026 18:53:28 	All category
level info: Jul-23-2026 18:53:31 	All category
level info: Jul-23-2026 18:54:09 	All category
level info: Jul-23-2026 18:54:26 	All category
level info: Jul-23-2026 18:55:23 	All category
level info: Jul-23-2026 18:55:33 	All category
level info: Jul-23-2026 18:55:38 	All category
level info: Jul-23-2026 18:55:44 	All category
level info: Jul-23-2026 18:55:46 	All category
level info: Jul-23-2026 18:59:59 	All category
level info: Jul-23-2026 19:00:05 	All category
level info: Jul-23-2026 19:00:52 	All category
level info: Jul-23-2026 23:17:16 	All category
level info: Jul-23-2026 23:17:17 	All category
level info: Jul-23-2026 23:17:18 	All category
level info: Jul-23-2026 23:17:24 	All category
level info: Jul-23-2026 23:17:41 	All category
level info: Jul-23-2026 23:17:43 	All category
level info: Jul-23-2026 23:18:00 	All category
level info: Jul-23-2026 23:18:08 	All category
level info: Jul-23-2026 23:18:11 	All category
level info: Jul-23-2026 23:18:18 	All category
level info: Jul-23-2026 23:38:06 	All category
level info: Jul-23-2026 23:38:08 	All category
level info: Jul-23-2026 23:38:09 	All category
level info: Jul-23-2026 23:38:11 	All category
level info: Jul-23-2026 23:38:12 	All category
level info: Jul-23-2026 23:38:12 	All category
level info: Jul-23-2026 23:38:35 	All category
level info: Jul-23-2026 23:38:40 	All category
level error: Jul-23-2026 23:58:11 	Error: count is not defined
level error: Jul-23-2026 23:58:15 	Error: count is not defined
level error: Jul-23-2026 23:59:16 	Error: count is not defined
level error: Jul-23-2026 23:59:33 	Error: count is not defined
level error: Jul-24-2026 00:01:34 	Error: books is not defined
level error: Jul-24-2026 00:01:45 	Error: books is not defined
level info: Jul-24-2026 00:05:52 	All category
level info: Jul-24-2026 00:05:55 	All category
level info: Jul-24-2026 00:11:18 	All category
level info: Jul-24-2026 00:13:13 	All category
level info: Jul-24-2026 00:13:32 	All category
level info: Jul-24-2026 00:15:05 	All category
level info: Jul-24-2026 00:19:24 	All category
level info: Jul-24-2026 00:25:18 	All category
level info: Jul-24-2026 00:25:36 	All category
level info: Jul-24-2026 00:25:48 	All category
level info: Jul-24-2026 00:26:29 	All category
level info: Jul-24-2026 00:30:57 	All category
level info: Jul-24-2026 00:31:04 	All category
level info: Jul-24-2026 00:43:38 	All category
level info: Jul-24-2026 00:45:21 	All category
level info: Jul-24-2026 00:46:40 	All category
level info: Jul-24-2026 00:46:48 	All category
level info: Jul-24-2026 00:47:04 	All category
level info: Jul-24-2026 00:47:07 	All category
level info: Jul-24-2026 00:47:15 	All category
level info: Jul-24-2026 00:47:16 	All category
level info: Jul-24-2026 00:47:18 	All category
level info: Jul-24-2026 01:01:22 	All category
level info: Jul-24-2026 01:01:24 	All category
level info: Jul-24-2026 01:05:37 	All category
level info: Jul-24-2026 01:05:44 	All category
level info: Jul-24-2026 01:05:49 	All category
level info: Jul-24-2026 01:06:04 	All category
level info: Jul-24-2026 01:06:10 	All category
level info: Jul-24-2026 01:06:15 	All category
level info: Jul-24-2026 01:06:26 	All category
level info: Jul-24-2026 01:06:37 	All category
level info: Jul-24-2026 01:06:44 	All category
level info: Jul-24-2026 01:10:38 	All category
level info: Jul-24-2026 01:12:53 	All category
level info: Jul-24-2026 01:15:38 	All category
level info: Jul-24-2026 01:15:39 	All category
level info: Jul-24-2026 01:15:54 	All category
level info: Jul-24-2026 01:16:01 	All category
level info: Jul-24-2026 01:16:14 	Category edited!
level info: Jul-24-2026 01:16:14 	All category
level info: Jul-24-2026 01:16:20 	All category
level info: Jul-24-2026 01:22:08 	All category
level info: Jul-24-2026 01:24:52 	All category
level info: Jul-24-2026 01:29:59 	All category
level info: Jul-24-2026 01:30:04 	All category
level info: Jul-24-2026 01:30:10 	All category
level info: Jul-24-2026 01:30:11 	All category
level info: Jul-24-2026 01:30:13 	All category
level info: Jul-24-2026 01:30:41 	All category
level info: Jul-24-2026 01:30:46 	All category
level info: Jul-24-2026 01:30:48 	All category
level info: Jul-24-2026 01:30:51 	All category
level info: Jul-24-2026 01:31:02 	Category edited!
level info: Jul-24-2026 01:31:02 	All category
level info: Jul-24-2026 01:31:07 	All category
level info: Jul-24-2026 01:31:22 	Category edited!
level info: Jul-24-2026 01:31:22 	All category
level info: Jul-24-2026 01:31:26 	All category
level info: Jul-24-2026 01:31:36 	Category edited!
level info: Jul-24-2026 01:31:36 	All category
level info: Jul-24-2026 01:31:40 	All category
level info: Jul-24-2026 01:31:48 	All category
level info: Jul-24-2026 01:49:39 	All category
level info: Jul-24-2026 01:49:57 	All category
level info: Jul-24-2026 22:39:28 	All category
level info: Jul-24-2026 22:39:41 	All category
level info: Jul-24-2026 22:40:03 	All category
level info: Jul-24-2026 22:40:15 	All category
level info: Jul-24-2026 22:40:16 	All category
level info: Jul-24-2026 22:40:49 	All category
level info: Jul-24-2026 22:41:07 	All category
level info: Jul-24-2026 22:41:51 	All category
level info: Jul-25-2026 02:07:24 	All category
